// Jest Snapshot v1, https://goo.gl/fbAQLP

exports[`RulesetTesting generates correct content for 'Items' ruleset. ClassName: 'BisCore:PhysicalPartition' 1`] = `
Array [
  PropertyRecord {
    "property": Object {
      "displayLabel": "User Label",
      "name": "PhysicalPartition_UserLabel",
      "typename": "string",
    },
    "value": Object {
      "displayValue": "",
      "value": undefined,
      "valueFormat": 0,
    },
  },
  PropertyRecord {
    "description": "DgnV8Bridge",
    "isReadonly": true,
    "property": Object {
      "displayLabel": "Model",
      "name": "PhysicalPartition_Model",
      "typename": "navigation",
    },
    "value": Object {
      "displayValue": "DgnV8Bridge",
      "value": 1,
      "valueFormat": 0,
    },
  },
  PropertyRecord {
    "property": Object {
      "displayLabel": "Description",
      "name": "PhysicalPartition_Description",
      "typename": "string",
    },
    "value": Object {
      "displayValue": "",
      "value": undefined,
      "valueFormat": 0,
    },
  },
  PropertyRecord {
    "description": "Properties_60InstancesWithUrl2",
    "property": Object {
      "displayLabel": "Code",
      "name": "PhysicalPartition_CodeValue",
      "typename": "string",
    },
    "value": Object {
      "displayValue": "Properties_60InstancesWithUrl2",
      "value": "Properties_60InstancesWithUrl2",
      "valueFormat": 0,
    },
  },
]
`;
