// Jest Snapshot v1, https://goo.gl/fbAQLP

exports[`RulesetTesting generates correct content for 'Items' ruleset. ClassName: 'BisCore:CodeSpec' 1`] = `
Array [
  PropertyRecord {
    "description": "bis:NullCodeSpec",
    "property": Object {
      "displayLabel": "Name",
      "name": "CodeSpec_Name",
      "typename": "string",
    },
    "value": Object {
      "displayValue": "bis:NullCodeSpec",
      "value": "bis:NullCodeSpec",
      "valueFormat": 0,
    },
  },
  PropertyRecord {
    "description": "{\\"scopeSpec\\":{\\"type\\":1},\\"version\\":\\"1.0\\"}",
    "property": Object {
      "displayLabel": "JsonProperties",
      "name": "CodeSpec_JsonProperties",
      "typename": "string",
    },
    "value": Object {
      "displayValue": "{\\"scopeSpec\\":{\\"type\\":1},\\"version\\":\\"1.0\\"}",
      "value": "{\\"scopeSpec\\":{\\"type\\":1},\\"version\\":\\"1.0\\"}",
      "valueFormat": 0,
    },
  },
]
`;
