// Jest Snapshot v1, https://goo.gl/fbAQLP

exports[`RulesetTesting generates correct content for 'Items' ruleset. ClassName: 'DgnCustomItemTypes_MyProp:reciprocal__x0020__massElementAspect' 1`] = `
Array [
  PropertyRecord {
    "description": "123.456789",
    "property": Object {
      "displayLabel": "1/tn(short) [one per short ton]",
      "name": "reciprocal__x0020__massElementAspect___x0031____x002F__tn__x0028__short__x0029____x0020____x005B__one__x0020__per__x0020__short__x0020__ton__x005D__",
      "typename": "double",
    },
    "value": Object {
      "displayValue": "123.456789",
      "value": 123.456789,
      "valueFormat": 0,
    },
  },
]
`;
