// Jest Snapshot v1, https://goo.gl/fbAQLP

exports[`RulesetTesting generates correct content for 'Items' ruleset. ClassName: 'ECDbMeta:ECEnumerationDef' 1`] = `
Array [
  PropertyRecord {
    "description": "String",
    "property": Object {
      "displayLabel": "Type",
      "enum": Object {
        "choices": Array [
          Object {
            "label": "Binary",
            "value": 257,
          },
          Object {
            "label": "Boolean",
            "value": 513,
          },
          Object {
            "label": "DateTime",
            "value": 769,
          },
          Object {
            "label": "Double",
            "value": 1025,
          },
          Object {
            "label": "Integer",
            "value": 1281,
          },
          Object {
            "label": "Long",
            "value": 1537,
          },
          Object {
            "label": "Point2D",
            "value": 1793,
          },
          Object {
            "label": "Point3D",
            "value": 2049,
          },
          Object {
            "label": "String",
            "value": 2305,
          },
          Object {
            "label": "IGeometry",
            "value": 2561,
          },
        ],
        "isStrict": true,
      },
      "name": "ECEnumerationDef_Type",
      "typename": "enum",
    },
    "value": Object {
      "displayValue": "String",
      "value": 2305,
      "valueFormat": 0,
    },
  },
  PropertyRecord {
    "description": "Core Custom Attributes",
    "isReadonly": true,
    "property": Object {
      "displayLabel": "Schema",
      "name": "ECEnumerationDef_Schema",
      "typename": "navigation",
    },
    "value": Object {
      "displayValue": "Core Custom Attributes",
      "value": 1,
      "valueFormat": 0,
    },
  },
  PropertyRecord {
    "description": "DateTimeComponent",
    "property": Object {
      "displayLabel": "Name",
      "name": "ECEnumerationDef_Name",
      "typename": "string",
    },
    "value": Object {
      "displayValue": "DateTimeComponent",
      "value": "DateTimeComponent",
      "valueFormat": 0,
    },
  },
  PropertyRecord {
    "description": "True",
    "property": Object {
      "displayLabel": "IsStrict",
      "name": "ECEnumerationDef_IsStrict",
      "typename": "boolean",
    },
    "value": Object {
      "displayValue": "True",
      "value": true,
      "valueFormat": 0,
    },
  },
  PropertyRecord {
    "description": undefined,
    "property": Object {
      "displayLabel": "EnumValues",
      "name": "ECEnumerationDef_EnumValues",
      "typename": "ECEnumeratorDef[]",
    },
    "value": Object {
      "items": Array [
        PropertyRecord {
          "description": undefined,
          "isReadonly": true,
          "property": Object {
            "displayLabel": "EnumValues",
            "name": "ECEnumerationDef_EnumValues",
            "typename": "ECEnumeratorDef",
          },
          "value": Object {
            "members": Object {
              "DisplayLabel": PropertyRecord {
                "isReadonly": true,
                "property": Object {
                  "displayLabel": "DisplayLabel",
                  "name": "DisplayLabel",
                  "typename": "string",
                },
                "value": Object {
                  "displayValue": "",
                  "value": undefined,
                  "valueFormat": 0,
                },
              },
              "IntValue": PropertyRecord {
                "isReadonly": true,
                "property": Object {
                  "displayLabel": "IntValue",
                  "name": "IntValue",
                  "typename": "int",
                },
                "value": Object {
                  "displayValue": "",
                  "value": undefined,
                  "valueFormat": 0,
                },
              },
              "StringValue": PropertyRecord {
                "description": "DateTime",
                "isReadonly": true,
                "property": Object {
                  "displayLabel": "StringValue",
                  "name": "StringValue",
                  "typename": "string",
                },
                "value": Object {
                  "displayValue": "DateTime",
                  "value": "DateTime",
                  "valueFormat": 0,
                },
              },
            },
            "valueFormat": 2,
          },
        },
        PropertyRecord {
          "description": undefined,
          "isReadonly": true,
          "property": Object {
            "displayLabel": "EnumValues",
            "name": "ECEnumerationDef_EnumValues",
            "typename": "ECEnumeratorDef",
          },
          "value": Object {
            "members": Object {
              "DisplayLabel": PropertyRecord {
                "isReadonly": true,
                "property": Object {
                  "displayLabel": "DisplayLabel",
                  "name": "DisplayLabel",
                  "typename": "string",
                },
                "value": Object {
                  "displayValue": "",
                  "value": undefined,
                  "valueFormat": 0,
                },
              },
              "IntValue": PropertyRecord {
                "isReadonly": true,
                "property": Object {
                  "displayLabel": "IntValue",
                  "name": "IntValue",
                  "typename": "int",
                },
                "value": Object {
                  "displayValue": "",
                  "value": undefined,
                  "valueFormat": 0,
                },
              },
              "StringValue": PropertyRecord {
                "description": "Date",
                "isReadonly": true,
                "property": Object {
                  "displayLabel": "StringValue",
                  "name": "StringValue",
                  "typename": "string",
                },
                "value": Object {
                  "displayValue": "Date",
                  "value": "Date",
                  "valueFormat": 0,
                },
              },
            },
            "valueFormat": 2,
          },
        },
      ],
      "itemsTypeName": "ECEnumeratorDef",
      "valueFormat": 1,
    },
  },
  PropertyRecord {
    "property": Object {
      "displayLabel": "DisplayLabel",
      "name": "ECEnumerationDef_DisplayLabel",
      "typename": "string",
    },
    "value": Object {
      "displayValue": "",
      "value": undefined,
      "valueFormat": 0,
    },
  },
  PropertyRecord {
    "property": Object {
      "displayLabel": "Description",
      "name": "ECEnumerationDef_Description",
      "typename": "string",
    },
    "value": Object {
      "displayValue": "",
      "value": undefined,
      "valueFormat": 0,
    },
  },
]
`;
