// Jest Snapshot v1, https://goo.gl/fbAQLP

exports[`Field fromJSON creates valid Field from valid JSON 1`] = `
Field {
  "category": Object {
    "description": "Tenetur quo recusandae.",
    "expand": true,
    "label": "Oregon",
    "name": "Designer",
    "priority": 5601,
  },
  "editor": Object {
    "name": "pixel",
  },
  "isReadonly": true,
  "label": "Sleek SAS e-commerce",
  "name": "engineer",
  "priority": 59753,
  "type": Object {
    "typeName": "serial",
    "valueFormat": "Primitive",
  },
}
`;

exports[`Field fromJSON creates valid Field from valid serialized JSON 1`] = `
Field {
  "category": Object {
    "description": "Tempora eius eveniet vel.",
    "expand": false,
    "label": "Extension",
    "name": "auxiliary",
    "priority": 2776,
  },
  "editor": Object {
    "name": "standardization",
  },
  "isReadonly": true,
  "label": "Electronics tan",
  "name": "Garden",
  "priority": 81468,
  "type": Object {
    "typeName": "bit",
    "valueFormat": "Primitive",
  },
}
`;

exports[`Field fromJSON creates valid NestedContentField from valid JSON 1`] = `
NestedContentField {
  "category": Object {
    "description": "Facere explicabo incidunt.",
    "expand": false,
    "label": "mint green global",
    "name": "Salad",
    "priority": 76388,
  },
  "contentClassInfo": Object {
    "id": "0x45770000010cef",
    "label": "Consultant clicks-and-mortar",
    "name": "Granite",
  },
  "editor": Object {
    "name": "frictionless",
  },
  "isReadonly": true,
  "label": "Pines Cape Verde Refined Plastic Chair",
  "name": "California",
  "nestedFields": Array [
    Field {
      "category": Object {
        "description": "Facere explicabo incidunt.",
        "expand": false,
        "label": "mint green global",
        "name": "Salad",
        "priority": 76388,
      },
      "editor": Object {
        "name": "frictionless",
      },
      "isReadonly": true,
      "label": "label 1",
      "name": "name1",
      "priority": 30477,
      "type": Object {
        "typeName": "point",
        "valueFormat": "Primitive",
      },
    },
    Field {
      "category": Object {
        "description": "Facere explicabo incidunt.",
        "expand": false,
        "label": "mint green global",
        "name": "Salad",
        "priority": 76388,
      },
      "editor": Object {
        "name": "frictionless",
      },
      "isReadonly": true,
      "label": "label 2",
      "name": "name2",
      "priority": 30477,
      "type": Object {
        "typeName": "point",
        "valueFormat": "Primitive",
      },
    },
  ],
  "pathToPrimaryClass": Array [
    Object {
      "isForwardRelationship": true,
      "isPolymorphicRelationship": false,
      "relationshipInfo": Object {
        "id": "0x588c0000018461",
        "label": "withdrawal Front-line Tuna",
        "name": "Cotton",
      },
      "sourceClassInfo": Object {
        "id": "0x68b20000002026",
        "label": "salmon benchmark payment",
        "name": "withdrawal",
      },
      "targetClassInfo": Object {
        "id": "0x68500000004e86",
        "label": "multi-byte alarm content-based",
        "name": "withdrawal",
      },
    },
    Object {
      "isForwardRelationship": true,
      "isPolymorphicRelationship": true,
      "relationshipInfo": Object {
        "id": "0x173a0000003faf",
        "label": "SSL",
        "name": "protocol",
      },
      "sourceClassInfo": Object {
        "id": "0x1641f0000013471",
        "label": "Sleek Sleek Frozen Sausages Leone",
        "name": "Executive",
      },
      "targetClassInfo": Object {
        "id": "0x11401000000467b",
        "label": "invoice withdrawal",
        "name": "Cambridgeshire",
      },
    },
  ],
  "priority": 30477,
  "type": Object {
    "members": Array [
      Object {
        "label": "label 1",
        "name": "name1",
        "type": Object {
          "typeName": "set",
          "valueFormat": "Primitive",
        },
      },
      Object {
        "label": "label 2",
        "name": "name2",
        "type": Object {
          "typeName": "binary",
          "valueFormat": "Primitive",
        },
      },
    ],
    "typeName": "multimedia",
    "valueFormat": "Struct",
  },
}
`;

exports[`Field fromJSON creates valid PropertiesField from valid JSON 1`] = `
PropertiesField {
  "category": Object {
    "description": "Corporis occaecati explicabo voluptatum ipsam debitis.",
    "expand": false,
    "label": "Sausages",
    "name": "structure",
    "priority": 59710,
  },
  "editor": Object {
    "name": "Synchronised",
  },
  "isReadonly": true,
  "label": "Toys feed platforms",
  "name": "Infrastructure",
  "priority": 72750,
  "properties": Array [
    Object {
      "property": Object {
        "classInfo": Object {
          "id": "0x1103100000044e6",
          "label": "Mozambique",
          "name": "hack",
        },
        "name": "Granite",
        "type": "double",
      },
      "relatedClassPath": Array [],
    },
  ],
  "type": Object {
    "typeName": "int",
    "valueFormat": "Primitive",
  },
}
`;

exports[`NestedContentField fromJSON creates valid NestedContentField from valid JSON 1`] = `
NestedContentField {
  "category": Object {
    "description": "Maiores et modi optio.",
    "expand": false,
    "label": "Brazil portal",
    "name": "SSL",
    "priority": 42869,
  },
  "contentClassInfo": Object {
    "id": "0x74d10000002ea0",
    "label": "Ameliorated",
    "name": "deposit",
  },
  "editor": Object {
    "name": "deposit",
  },
  "isReadonly": false,
  "label": "wireless",
  "name": "national",
  "nestedFields": Array [
    Field {
      "category": Object {
        "description": "Maiores et modi optio.",
        "expand": false,
        "label": "Brazil portal",
        "name": "SSL",
        "priority": 42869,
      },
      "editor": Object {
        "name": "deposit",
      },
      "isReadonly": false,
      "label": "label 1",
      "name": "name1",
      "priority": 16304,
      "type": Object {
        "typeName": "mediumint",
        "valueFormat": "Primitive",
      },
    },
    Field {
      "category": Object {
        "description": "Maiores et modi optio.",
        "expand": false,
        "label": "Brazil portal",
        "name": "SSL",
        "priority": 42869,
      },
      "editor": Object {
        "name": "deposit",
      },
      "isReadonly": false,
      "label": "label 2",
      "name": "name2",
      "priority": 16304,
      "type": Object {
        "typeName": "mediumint",
        "valueFormat": "Primitive",
      },
    },
  ],
  "pathToPrimaryClass": Array [
    Object {
      "isForwardRelationship": true,
      "isPolymorphicRelationship": true,
      "relationshipInfo": Object {
        "id": "0x3b2d000000f009",
        "label": "Health",
        "name": "Pants",
      },
      "sourceClassInfo": Object {
        "id": "0xea05000000f85c",
        "label": "communities Salad",
        "name": "Computer",
      },
      "targetClassInfo": Object {
        "id": "0x106ff000000e4f5",
        "label": "withdrawal",
        "name": "Executive",
      },
    },
    Object {
      "isForwardRelationship": false,
      "isPolymorphicRelationship": true,
      "relationshipInfo": Object {
        "id": "0x587e0000003879",
        "label": "Legacy payment optical",
        "name": "Awesome Metal Towels",
      },
      "sourceClassInfo": Object {
        "id": "0x2d6d0000010dc1",
        "label": "JBOD payment",
        "name": "sexy",
      },
      "targetClassInfo": Object {
        "id": "0x1161b000001051f",
        "label": "budgetary management protocol Malagasy Ariary",
        "name": "index",
      },
    },
  ],
  "priority": 16304,
  "type": Object {
    "members": Array [
      Object {
        "label": "label 1",
        "name": "name1",
        "type": Object {
          "typeName": "double",
          "valueFormat": "Primitive",
        },
      },
      Object {
        "label": "label 2",
        "name": "name2",
        "type": Object {
          "typeName": "serial",
          "valueFormat": "Primitive",
        },
      },
    ],
    "typeName": "overriding",
    "valueFormat": "Struct",
  },
}
`;

exports[`NestedContentField fromJSON creates valid NestedContentField from valid serialized JSON 1`] = `
NestedContentField {
  "category": Object {
    "description": "Voluptas esse sint dolores.",
    "expand": true,
    "label": "bluetooth",
    "name": "Money Market Account",
    "priority": 17759,
  },
  "contentClassInfo": Object {
    "id": "0xf0150000003504",
    "label": "neural GB",
    "name": "Handcrafted",
  },
  "editor": Object {
    "name": "yellow",
  },
  "isReadonly": false,
  "label": "Incredible",
  "name": "Frozen",
  "nestedFields": Array [
    Field {
      "category": Object {
        "description": "Voluptas esse sint dolores.",
        "expand": true,
        "label": "bluetooth",
        "name": "Money Market Account",
        "priority": 17759,
      },
      "editor": Object {
        "name": "yellow",
      },
      "isReadonly": false,
      "label": "label 1",
      "name": "name1",
      "priority": 12077,
      "type": Object {
        "typeName": "mediumint",
        "valueFormat": "Primitive",
      },
    },
    Field {
      "category": Object {
        "description": "Voluptas esse sint dolores.",
        "expand": true,
        "label": "bluetooth",
        "name": "Money Market Account",
        "priority": 17759,
      },
      "editor": Object {
        "name": "yellow",
      },
      "isReadonly": false,
      "label": "label 2",
      "name": "name2",
      "priority": 12077,
      "type": Object {
        "typeName": "mediumint",
        "valueFormat": "Primitive",
      },
    },
  ],
  "pathToPrimaryClass": Array [
    Object {
      "isForwardRelationship": true,
      "isPolymorphicRelationship": false,
      "relationshipInfo": Object {
        "id": "0x5e5e000000d9cb",
        "label": "deposit Inlet",
        "name": "invoice",
      },
      "sourceClassInfo": Object {
        "id": "0x27fe0000001ce9",
        "label": "Tasty Plastic Table Bedfordshire back-end",
        "name": "International",
      },
      "targetClassInfo": Object {
        "id": "0x37c50000006a45",
        "label": "primary 1080p",
        "name": "Diverse",
      },
    },
    Object {
      "isForwardRelationship": false,
      "isPolymorphicRelationship": true,
      "relationshipInfo": Object {
        "id": "0xd7830000015e1a",
        "label": "Chips Kentucky protocol",
        "name": "transmitter",
      },
      "sourceClassInfo": Object {
        "id": "0x6b9e000000d674",
        "label": "Checking Account Ways maximize",
        "name": "Tala",
      },
      "targetClassInfo": Object {
        "id": "0x1441d0000008701",
        "label": "overriding deposit Future",
        "name": "Cotton",
      },
    },
  ],
  "priority": 12077,
  "type": Object {
    "members": Array [
      Object {
        "label": "label 1",
        "name": "name1",
        "type": Object {
          "typeName": "blob",
          "valueFormat": "Primitive",
        },
      },
      Object {
        "label": "label 2",
        "name": "name2",
        "type": Object {
          "typeName": "bigint",
          "valueFormat": "Primitive",
        },
      },
    ],
    "typeName": "mint green",
    "valueFormat": "Struct",
  },
}
`;

exports[`PropertiesField fromJSON creates valid PropertiesField from valid JSON 1`] = `
PropertiesField {
  "category": Object {
    "description": "Sequi repudiandae velit atque voluptas.",
    "expand": true,
    "label": "Grocery West Virginia",
    "name": "Incredible",
    "priority": 39804,
  },
  "editor": Object {
    "name": "Guatemala",
  },
  "isReadonly": false,
  "label": "Tanzanian Shilling front-end optical",
  "name": "Producer",
  "priority": 57252,
  "properties": Array [
    Object {
      "property": Object {
        "classInfo": Object {
          "id": "0xe388000000049c",
          "label": "Wooden Pizza",
          "name": "Refined Granite Bike",
        },
        "name": "exuding",
        "type": "double",
      },
      "relatedClassPath": Array [],
    },
  ],
  "type": Object {
    "typeName": "boolean",
    "valueFormat": "Primitive",
  },
}
`;

exports[`PropertiesField fromJSON creates valid PropertiesField from valid serialized JSON 1`] = `
PropertiesField {
  "category": Object {
    "description": "Vitae deleniti eum aperiam quo recusandae doloremque voluptatum alias ut.",
    "expand": false,
    "label": "Incredible Granite Towels wireless info-mediaries",
    "name": "orange",
    "priority": 59789,
  },
  "editor": Object {
    "name": "Unbranded",
  },
  "isReadonly": false,
  "label": "Investment Account copy bypassing",
  "name": "Garden",
  "priority": 32204,
  "properties": Array [
    Object {
      "property": Object {
        "classInfo": Object {
          "id": "0x56e700000047cb",
          "label": "EXE",
          "name": "open system",
        },
        "name": "Technician",
        "type": "text",
      },
      "relatedClassPath": Array [],
    },
  ],
  "type": Object {
    "typeName": "binary",
    "valueFormat": "Primitive",
  },
}
`;
