// Jest Snapshot v1, https://goo.gl/fbAQLP

exports[`NodesPaths gets filtered node paths 1`] = `
Array [
  Object {
    "children": Array [
      Object {
        "children": Array [],
        "index": 0,
        "isMarked": false,
        "node": Object {
          "backColor": "",
          "description": "description",
          "fontStyle": "Regular",
          "foreColor": "",
          "hasChildren": false,
          "imageId": "imageId",
          "isCheckboxEnabled": false,
          "isCheckboxVisible": false,
          "isChecked": false,
          "isEditable": false,
          "isExpanded": false,
          "isSelectable": true,
          "key": Object {
            "pathFromRoot": Array [
              "75f3adf760e64b786f015002eaf08502",
              "c2ce79f35dcae9c311a18f9227eb7a3e",
            ],
            "type": "nodeType",
          },
          "label": "filter ch1",
          "type": "nodeType",
        },
      },
      Object {
        "children": Array [
          Object {
            "children": Array [],
            "index": 0,
            "isMarked": false,
            "node": Object {
              "backColor": "",
              "description": "description",
              "fontStyle": "Regular",
              "foreColor": "",
              "hasChildren": false,
              "imageId": "imageId",
              "isCheckboxEnabled": false,
              "isCheckboxVisible": false,
              "isChecked": false,
              "isEditable": false,
              "isExpanded": false,
              "isSelectable": true,
              "key": Object {
                "pathFromRoot": Array [
                  "75f3adf760e64b786f015002eaf08502",
                  "4b21c7a929d0d4f882307b3fac205ec8",
                  "fc637e31e924ee073d458b963afc0d88",
                ],
                "type": "nodeType",
              },
              "label": "filter ch4",
              "type": "nodeType",
            },
          },
        ],
        "index": 1,
        "isMarked": false,
        "node": Object {
          "backColor": "",
          "description": "description",
          "fontStyle": "Regular",
          "foreColor": "",
          "hasChildren": true,
          "imageId": "imageId",
          "isCheckboxEnabled": false,
          "isCheckboxVisible": false,
          "isChecked": false,
          "isEditable": false,
          "isExpanded": false,
          "isSelectable": true,
          "key": Object {
            "pathFromRoot": Array [
              "75f3adf760e64b786f015002eaf08502",
              "4b21c7a929d0d4f882307b3fac205ec8",
            ],
            "type": "nodeType",
          },
          "label": "other ch3",
          "type": "nodeType",
        },
      },
    ],
    "index": 0,
    "isMarked": false,
    "node": Object {
      "backColor": "",
      "description": "description",
      "fontStyle": "Regular",
      "foreColor": "",
      "hasChildren": true,
      "imageId": "imageId",
      "isCheckboxEnabled": false,
      "isCheckboxVisible": false,
      "isChecked": false,
      "isEditable": false,
      "isExpanded": false,
      "isSelectable": true,
      "key": Object {
        "pathFromRoot": Array [
          "75f3adf760e64b786f015002eaf08502",
        ],
        "type": "nodeType",
      },
      "label": "filter r1",
      "type": "nodeType",
    },
  },
  Object {
    "children": Array [
      Object {
        "children": Array [],
        "index": 0,
        "isMarked": false,
        "node": Object {
          "backColor": "",
          "description": "description",
          "fontStyle": "Regular",
          "foreColor": "",
          "hasChildren": false,
          "imageId": "imageId",
          "isCheckboxEnabled": false,
          "isCheckboxVisible": false,
          "isChecked": false,
          "isEditable": false,
          "isExpanded": false,
          "isSelectable": true,
          "key": Object {
            "pathFromRoot": Array [
              "7212e78ada2480f3a5560905cef35cc8",
              "7a9065cd6bd80783383741e5ce8bdff1",
            ],
            "type": "nodeType",
          },
          "label": "filter ch6",
          "type": "nodeType",
        },
      },
    ],
    "index": 1,
    "isMarked": false,
    "node": Object {
      "backColor": "",
      "description": "description",
      "fontStyle": "Regular",
      "foreColor": "",
      "hasChildren": true,
      "imageId": "imageId",
      "isCheckboxEnabled": false,
      "isCheckboxVisible": false,
      "isChecked": false,
      "isEditable": false,
      "isExpanded": false,
      "isSelectable": true,
      "key": Object {
        "pathFromRoot": Array [
          "7212e78ada2480f3a5560905cef35cc8",
        ],
        "type": "nodeType",
      },
      "label": "other r3",
      "type": "nodeType",
    },
  },
]
`;

exports[`NodesPaths gets node paths 1`] = `
Array [
  Object {
    "children": Array [
      Object {
        "children": Array [
          Object {
            "children": Array [
              Object {
                "children": Array [],
                "index": 0,
                "isMarked": false,
                "node": Object {
                  "backColor": "",
                  "description": "",
                  "fontStyle": "Regular",
                  "foreColor": "",
                  "hasChildren": false,
                  "imageId": "ECInstanceImage://BisCore:PhysicalPartition",
                  "isCheckboxEnabled": false,
                  "isCheckboxVisible": false,
                  "isChecked": false,
                  "isEditable": false,
                  "isExpanded": false,
                  "isSelectable": true,
                  "key": Object {
                    "instanceKey": Object {
                      "className": "BisCore:PhysicalPartition",
                      "id": "0x12",
                    },
                    "pathFromRoot": Array [
                      "d80fe96ee4e8263187b5681e36ba686d",
                      "6ed9ca1061c2a0391aa38c2175dc219b",
                      "4cf48c97269dac5ac4d3d17e6fca9bd2",
                      "2ca989be1e85c96831ba41d1840c36c4",
                      "438d3c6ba0b405a2bfdce7abb27e0de7",
                      "0f7b3056dacd7f2f5b602be126b7410c",
                      "8b498db529922a41e9a3ffcc2c05a804",
                    ],
                    "type": "ECInstanceNode",
                  },
                  "label": "Physical Partition-0-I",
                  "type": "ECInstanceNode",
                },
              },
            ],
            "index": 4,
            "isMarked": false,
            "node": Object {
              "backColor": "",
              "description": "A Physical Partition element indicates that there is a physical modeling perspective within the overall DgnDb information hierarchy. A Physical Partition is always parented to a Subject and broken down by a Physical Model.",
              "fontStyle": "Regular",
              "foreColor": "",
              "hasChildren": true,
              "imageId": "ECClassImage://BisCore:PhysicalPartition",
              "isCheckboxEnabled": false,
              "isCheckboxVisible": false,
              "isChecked": false,
              "isEditable": false,
              "isExpanded": false,
              "isSelectable": true,
              "key": Object {
                "className": "BisCore:PhysicalPartition",
                "pathFromRoot": Array [
                  "d80fe96ee4e8263187b5681e36ba686d",
                  "6ed9ca1061c2a0391aa38c2175dc219b",
                  "4cf48c97269dac5ac4d3d17e6fca9bd2",
                  "2ca989be1e85c96831ba41d1840c36c4",
                  "438d3c6ba0b405a2bfdce7abb27e0de7",
                ],
                "type": "ECClassGroupingNode",
              },
              "label": "Physical Partition",
              "type": "ECClassGroupingNode",
            },
          },
          Object {
            "children": Array [
              Object {
                "children": Array [],
                "index": 0,
                "isMarked": true,
                "node": Object {
                  "backColor": "",
                  "description": "",
                  "fontStyle": "Regular",
                  "foreColor": "",
                  "hasChildren": false,
                  "imageId": "ECInstanceImage://BisCore:LinkPartition",
                  "isCheckboxEnabled": false,
                  "isCheckboxVisible": false,
                  "isChecked": false,
                  "isEditable": false,
                  "isExpanded": false,
                  "isSelectable": true,
                  "key": Object {
                    "instanceKey": Object {
                      "className": "BisCore:LinkPartition",
                      "id": "0xe",
                    },
                    "pathFromRoot": Array [
                      "d80fe96ee4e8263187b5681e36ba686d",
                      "6ed9ca1061c2a0391aa38c2175dc219b",
                      "4cf48c97269dac5ac4d3d17e6fca9bd2",
                      "2ca989be1e85c96831ba41d1840c36c4",
                      "cda5867d1b841758599921df7a668a42",
                      "3b9aec45dbdd72e74db7577923c589be",
                      "052f907e4326f5553e2c9a50c5cbfc3e",
                    ],
                    "type": "ECInstanceNode",
                  },
                  "label": "Link Partition-0-E",
                  "type": "ECInstanceNode",
                },
              },
            ],
            "index": 3,
            "isMarked": false,
            "node": Object {
              "backColor": "",
              "description": "A Link Partition element indicates that there is a link-related modeling perspective within the overall DgnDb information hierarchy. A Link Partition is always parented to a Subject and broken down by a Link Model.",
              "fontStyle": "Regular",
              "foreColor": "",
              "hasChildren": true,
              "imageId": "ECClassImage://BisCore:LinkPartition",
              "isCheckboxEnabled": false,
              "isCheckboxVisible": false,
              "isChecked": false,
              "isEditable": false,
              "isExpanded": false,
              "isSelectable": true,
              "key": Object {
                "className": "BisCore:LinkPartition",
                "pathFromRoot": Array [
                  "d80fe96ee4e8263187b5681e36ba686d",
                  "6ed9ca1061c2a0391aa38c2175dc219b",
                  "4cf48c97269dac5ac4d3d17e6fca9bd2",
                  "2ca989be1e85c96831ba41d1840c36c4",
                  "cda5867d1b841758599921df7a668a42",
                ],
                "type": "ECClassGroupingNode",
              },
              "label": "Link Partition",
              "type": "ECClassGroupingNode",
            },
          },
        ],
        "index": 0,
        "isMarked": false,
        "node": Object {
          "backColor": "",
          "description": "",
          "fontStyle": "Regular",
          "foreColor": "",
          "hasChildren": true,
          "imageId": "ECInstanceImage://BisCore:Subject",
          "isCheckboxEnabled": false,
          "isCheckboxVisible": false,
          "isChecked": false,
          "isEditable": false,
          "isExpanded": false,
          "isSelectable": true,
          "key": Object {
            "instanceKey": Object {
              "className": "BisCore:Subject",
              "id": "0x1",
            },
            "pathFromRoot": Array [
              "d80fe96ee4e8263187b5681e36ba686d",
              "6ed9ca1061c2a0391aa38c2175dc219b",
              "4cf48c97269dac5ac4d3d17e6fca9bd2",
              "2ca989be1e85c96831ba41d1840c36c4",
            ],
            "type": "ECInstanceNode",
          },
          "label": "Subject-0-1",
          "type": "ECInstanceNode",
        },
      },
    ],
    "index": 0,
    "isMarked": false,
    "node": Object {
      "backColor": "",
      "description": "",
      "fontStyle": "Regular",
      "foreColor": "",
      "hasChildren": true,
      "imageId": "ECInstanceImage://BisCore:RepositoryModel",
      "isCheckboxEnabled": false,
      "isCheckboxVisible": false,
      "isChecked": false,
      "isEditable": false,
      "isExpanded": false,
      "isSelectable": true,
      "key": Object {
        "instanceKey": Object {
          "className": "BisCore:RepositoryModel",
          "id": "0x1",
        },
        "pathFromRoot": Array [
          "d80fe96ee4e8263187b5681e36ba686d",
          "6ed9ca1061c2a0391aa38c2175dc219b",
        ],
        "type": "ECInstanceNode",
      },
      "label": "Repository Model-0-1",
      "type": "ECInstanceNode",
    },
  },
]
`;
