// Jest Snapshot v1, https://goo.gl/fbAQLP

exports[`PropertyGrid renders correctly 1`] = `
<PropertyGrid
  dataProvider={null}
  orientation={0}
/>
`;
