// Jest Snapshot v1, https://goo.gl/fbAQLP

exports[`ExpandableBlock <ExpandableBlock /> renders correctly collapsed 1`] = `
<div
  className="uicore-expandable-blocks-block is-collapsed"
>
  <div
    aria-expanded="false"
    className="header"
    onClick={[Function]}
    role="button"
  >
    <div
      className="icon-container"
    >
      <Icon
        iconSpec={<SvgChevronRight />}
      />
    </div>
    <div
      className="title"
      title="Test"
    >
      Test
    </div>
  </div>
  <div
    className="content"
  />
</div>
`;

exports[`ExpandableBlock <ExpandableBlock /> renders correctly expanded 1`] = `
<div
  className="uicore-expandable-blocks-block is-expanded"
>
  <div
    aria-expanded="true"
    className="header"
    onClick={[Function]}
    role="button"
  >
    <div
      className="icon-container"
    >
      <Icon
        iconSpec={<SvgChevronRight />}
      />
    </div>
    <div
      className="title"
      title="Test"
    >
      Test
    </div>
  </div>
  <div
    className="content"
  >
    <div>
      Hello
    </div>
  </div>
</div>
`;
