// Jest Snapshot v1, https://goo.gl/fbAQLP

exports[`RulesetTesting generates correct content for 'Items' ruleset. ClassName: 'BisCore:DefinitionModel' 1`] = `
Array [
  PropertyRecord {
    "description": "Definition Model For DgnV8Bridge:D:\\\\Temp\\\\Properties_60InstancesWithUrl2.dgn, Default",
    "isReadonly": true,
    "property": Object {
      "displayLabel": "Modeled Element",
      "name": "DefinitionModel_ModeledElement",
      "typename": "navigation",
    },
    "value": Object {
      "displayValue": "Definition Model For DgnV8Bridge:D:\\\\Temp\\\\Properties_60InstancesWithUrl2.dgn, Default",
      "value": 22,
      "valueFormat": 0,
    },
  },
]
`;
