// Jest Snapshot v1, https://goo.gl/fbAQLP

exports[`RulesetTesting generates correct content for 'Items' ruleset. ClassName: 'BisCore:DocumentPartition' 1`] = `
Array [
  PropertyRecord {
    "property": Object {
      "displayLabel": "User Label",
      "name": "DocumentPartition_UserLabel",
      "typename": "string",
    },
    "value": Object {
      "displayValue": "",
      "value": undefined,
      "valueFormat": 0,
    },
  },
  PropertyRecord {
    "description": "DgnV8Bridge",
    "isReadonly": true,
    "property": Object {
      "displayLabel": "Model",
      "name": "DocumentPartition_Model",
      "typename": "navigation",
    },
    "value": Object {
      "displayValue": "DgnV8Bridge",
      "value": 1,
      "valueFormat": 0,
    },
  },
  PropertyRecord {
    "property": Object {
      "displayLabel": "Description",
      "name": "DocumentPartition_Description",
      "typename": "string",
    },
    "value": Object {
      "displayValue": "",
      "value": undefined,
      "valueFormat": 0,
    },
  },
  PropertyRecord {
    "description": "Converted Drawings",
    "property": Object {
      "displayLabel": "Code",
      "name": "DocumentPartition_CodeValue",
      "typename": "string",
    },
    "value": Object {
      "displayValue": "Converted Drawings",
      "value": "Converted Drawings",
      "valueFormat": 0,
    },
  },
]
`;
