// Jest Snapshot v1, https://goo.gl/fbAQLP

exports[`RulesetTesting generates correct content for 'Items' ruleset. ClassName: 'DgnCustomItemTypes_MyProp:lengthElementAspect' 1`] = `
Array [
  PropertyRecord {
    "description": "1475.96 µin",
    "property": Object {
      "displayLabel": "µin [microinch]",
      "name": "lengthElementAspect___x00B5__in__x0020____x005B__microinch__x005D__",
      "typename": "double",
    },
    "value": Object {
      "displayValue": "1475.96 µin",
      "value": 1475.96,
      "valueFormat": 0,
    },
  },
]
`;
