// Jest Snapshot v1, https://goo.gl/fbAQLP

exports[`RulesetTesting generates correct content for 'Items' ruleset. ClassName: 'DgnCustomItemTypes_MyProp:reciprocal__x0020__volumeElementAspect' 1`] = `
Array [
  PropertyRecord {
    "description": "1.2345999999999999",
    "property": Object {
      "displayLabel": "1/ million gal",
      "name": "reciprocal__x0020__volumeElementAspect___x0031____x002F____x0020__million__x0020__gal",
      "typename": "double",
    },
    "value": Object {
      "displayValue": "1.2345999999999999",
      "value": 1.2346,
      "valueFormat": 0,
    },
  },
]
`;
