// Jest Snapshot v1, https://goo.gl/fbAQLP

exports[`RulesetTesting generates correct content for 'Items' ruleset. ClassName: 'DgnCustomItemTypes_MyProp:timeElementAspect' 1`] = `
Array [
  PropertyRecord {
    "description": "1234.56789 days",
    "property": Object {
      "displayLabel": "days",
      "name": "timeElementAspect_days",
      "typename": "double",
    },
    "value": Object {
      "displayValue": "1234.56789 days",
      "value": 1234.56789,
      "valueFormat": 0,
    },
  },
]
`;
