// Jest Snapshot v1, https://goo.gl/fbAQLP

exports[`RulesetTesting generates correct content for 'Items' ruleset. ClassName: 'DgnCustomItemTypes_MyProp:square__x0020__root__x0020__length__x0020__per__x0020__timeElementAspect' 1`] = `
Array [
  PropertyRecord {
    "description": "1234.56789",
    "property": Object {
      "displayLabel": "ft^(1/2)/s [ft^(1/2)/s]",
      "name": "square__x0020__root__x0020__length__x0020__per__x0020__timeElementAspect_ft__x005E____x0028__1__x002F__2__x0029____x002F__s__x0020____x005B__ft__x005E____x0028__1__x002F__2__x0029____x002F__s__x005D__",
      "typename": "double",
    },
    "value": Object {
      "displayValue": "1234.56789",
      "value": 1234.56789,
      "valueFormat": 0,
    },
  },
]
`;
