// Jest Snapshot v1, https://goo.gl/fbAQLP

exports[`RulesetTesting generates correct content for 'Items' ruleset. ClassName: 'ECDbMeta:ECSchemaDef' 1`] = `
Array [
  PropertyRecord {
    "description": "0",
    "property": Object {
      "displayLabel": "VersionWrite",
      "name": "ECSchemaDef_VersionWrite",
      "typename": "int",
    },
    "value": Object {
      "displayValue": "0",
      "value": 0,
      "valueFormat": 0,
    },
  },
  PropertyRecord {
    "description": "0",
    "property": Object {
      "displayLabel": "VersionMinor",
      "name": "ECSchemaDef_VersionMinor",
      "typename": "int",
    },
    "value": Object {
      "displayValue": "0",
      "value": 0,
      "valueFormat": 0,
    },
  },
  PropertyRecord {
    "description": "1",
    "property": Object {
      "displayLabel": "VersionMajor",
      "name": "ECSchemaDef_VersionMajor",
      "typename": "int",
    },
    "value": Object {
      "displayValue": "1",
      "value": 1,
      "valueFormat": 0,
    },
  },
  PropertyRecord {
    "description": "CoreCustomAttributes",
    "property": Object {
      "displayLabel": "Name",
      "name": "ECSchemaDef_Name",
      "typename": "string",
    },
    "value": Object {
      "displayValue": "CoreCustomAttributes",
      "value": "CoreCustomAttributes",
      "valueFormat": 0,
    },
  },
  PropertyRecord {
    "description": "Core Custom Attributes",
    "property": Object {
      "displayLabel": "DisplayLabel",
      "name": "ECSchemaDef_DisplayLabel",
      "typename": "string",
    },
    "value": Object {
      "displayValue": "Core Custom Attributes",
      "value": "Core Custom Attributes",
      "valueFormat": 0,
    },
  },
  PropertyRecord {
    "description": "Custom attributes to indicate core EC concepts, may include struct classes intended for use in core custom attributes.",
    "property": Object {
      "displayLabel": "Description",
      "name": "ECSchemaDef_Description",
      "typename": "string",
    },
    "value": Object {
      "displayValue": "Custom attributes to indicate core EC concepts, may include struct classes intended for use in core custom attributes.",
      "value": "Custom attributes to indicate core EC concepts, may include struct classes intended for use in core custom attributes.",
      "valueFormat": 0,
    },
  },
  PropertyRecord {
    "description": "CoreCA",
    "property": Object {
      "displayLabel": "Alias",
      "name": "ECSchemaDef_Alias",
      "typename": "string",
    },
    "value": Object {
      "displayValue": "CoreCA",
      "value": "CoreCA",
      "valueFormat": 0,
    },
  },
]
`;
