// Jest Snapshot v1, https://goo.gl/fbAQLP

exports[`RulesetTesting generates correct content for 'Items' ruleset. ClassName: 'BisCore:PhysicalModel' 1`] = `
Array [
  PropertyRecord {
    "description": "Properties_60InstancesWithUrl2",
    "isReadonly": true,
    "property": Object {
      "displayLabel": "Modeled Element",
      "name": "pc_bis_Model_ModeledElement",
      "typename": "navigation",
    },
    "value": Object {
      "displayValue": "Properties_60InstancesWithUrl2",
      "value": 28,
      "valueFormat": 0,
    },
  },
]
`;
