// Jest Snapshot v1, https://goo.gl/fbAQLP

exports[`RulesetTesting generates correct content for 'Items' ruleset. ClassName: 'BisCore:RepositoryLink' 1`] = `
Array [
  PropertyRecord {
    "isReadonly": true,
    "property": Object {
      "displayLabel": "Repository Link",
      "name": "rc_bis_RepositoryLink_bis_Model_bis_InformationContentElement_ncc_bis_RepositoryLink",
      "typename": "Repository Link",
    },
    "value": Object {
      "items": Array [],
      "itemsTypeName": "Repository Link",
      "valueFormat": 1,
    },
  },
  PropertyRecord {
    "description": "file:///d|/temp/properties_60instanceswithurl2.dgn",
    "property": Object {
      "displayLabel": "URL",
      "name": "pc_bis_UrlLink_Url",
      "typename": "string",
    },
    "value": Object {
      "displayValue": "file:///d|/temp/properties_60instanceswithurl2.dgn",
      "value": "file:///d|/temp/properties_60instanceswithurl2.dgn",
      "valueFormat": 0,
    },
  },
  PropertyRecord {
    "description": "DgnV8Bridge",
    "isReadonly": true,
    "property": Object {
      "displayLabel": "Model",
      "name": "pc_bis_Element_Model",
      "typename": "navigation",
    },
    "value": Object {
      "displayValue": "DgnV8Bridge",
      "value": 1,
      "valueFormat": 0,
    },
  },
]
`;
