// Jest Snapshot v1, https://goo.gl/fbAQLP

exports[`RulesetTesting generates correct content for 'Items' ruleset. ClassName: 'BisCore:SubCategory' 1`] = `
Array [
  PropertyRecord {
    "isReadonly": true,
    "property": Object {
      "displayLabel": "Repository Link",
      "name": "rc_bis_SubCategory_bis_Model_bis_InformationContentElement_ncc_bis_RepositoryLink",
      "typename": "Repository Link",
    },
    "value": Object {
      "items": Array [],
      "itemsTypeName": "Repository Link",
      "valueFormat": 1,
    },
  },
  PropertyRecord {
    "description": "{\\"color\\":16777215}",
    "property": Object {
      "displayLabel": "Properties",
      "name": "pc_bis_SubCategory_Properties",
      "typename": "string",
    },
    "value": Object {
      "displayValue": "{\\"color\\":16777215}",
      "value": "{\\"color\\":16777215}",
      "valueFormat": 0,
    },
  },
  PropertyRecord {
    "property": Object {
      "displayLabel": "Description",
      "name": "pc_bis_SubCategory_Description",
      "typename": "string",
    },
    "value": Object {
      "displayValue": "",
      "value": undefined,
      "valueFormat": 0,
    },
  },
  PropertyRecord {
    "property": Object {
      "displayLabel": "User Label",
      "name": "pc_bis_Element_UserLabel",
      "typename": "string",
    },
    "value": Object {
      "displayValue": "",
      "value": undefined,
      "valueFormat": 0,
    },
  },
  PropertyRecord {
    "description": "Definition Model For DgnV8Bridge:D:\\\\Temp\\\\Properties_60InstancesWithUrl2.dgn, Default",
    "isReadonly": true,
    "property": Object {
      "displayLabel": "Model",
      "name": "pc_bis_Element_Model",
      "typename": "navigation",
    },
    "value": Object {
      "displayValue": "Definition Model For DgnV8Bridge:D:\\\\Temp\\\\Properties_60InstancesWithUrl2.dgn, Default",
      "value": 22,
      "valueFormat": 0,
    },
  },
  PropertyRecord {
    "description": "Uncategorized",
    "property": Object {
      "displayLabel": "Code",
      "name": "pc_bis_Element_CodeValue",
      "typename": "string",
    },
    "value": Object {
      "displayValue": "Uncategorized",
      "value": "Uncategorized",
      "valueFormat": 0,
    },
  },
  PropertyRecord {
    "description": "False",
    "property": Object {
      "displayLabel": "Is Private",
      "name": "pc_bis_DefinitionElement_IsPrivate",
      "typename": "boolean",
    },
    "value": Object {
      "displayValue": "False",
      "value": false,
      "valueFormat": 0,
    },
  },
]
`;
