// Jest Snapshot v1, https://goo.gl/fbAQLP

exports[`RulesetTesting generates correct content for 'Items' ruleset. ClassName: 'DgnCustomItemTypes_MyProp:time__x0020__squared__x0020__per__x0020__lengthElementAspect' 1`] = `
Array [
  PropertyRecord {
    "description": "1.23",
    "property": Object {
      "displayLabel": "kg/kW h",
      "name": "pc_MyProp_time__x0020__squared__x0020__per__x0020__lengthElementAspect_kg__x002F__kW__x0020__h",
      "typename": "double",
    },
    "value": Object {
      "displayValue": "1.23",
      "value": 1.2346,
      "valueFormat": 0,
    },
  },
]
`;
