// Jest Snapshot v1, https://goo.gl/fbAQLP

exports[`RulesetTesting generates correct content for 'Items' ruleset. ClassName: 'DgnCustomItemTypes_MyProp:time__x0020__cubed__x0020__temperatureElementAspect' 1`] = `
Array [
  PropertyRecord {
    "description": "1.2346 ft²·h·Δ°F/Btu",
    "property": Object {
      "displayLabel": "foot squared hour delta degree Fahrenheit per Btu",
      "name": "pc_MyProp_time__x0020__cubed__x0020__temperatureElementAspect_foot__x0020__squared__x0020__hour__x0020__delta__x0020__degree__x0020__Fahrenheit__x0020__per__x0020__Btu",
      "typename": "double",
    },
    "value": Object {
      "displayValue": "1.2346 ft²·h·Δ°F/Btu",
      "value": 1.2346,
      "valueFormat": 0,
    },
  },
]
`;
