// Jest Snapshot v1, https://goo.gl/fbAQLP

exports[`RulesetTesting generates correct content for 'Items' ruleset. ClassName: 'DgnCustomItemTypes_MyProp:luminous__x0020__flux__x0020__per__x0020__areaElementAspect' 1`] = `
Array [
  PropertyRecord {
    "description": "1485.9 lm/ft²",
    "property": Object {
      "displayLabel": "lm/ft² [lumen per foot squared]",
      "name": "pc_MyProp_luminous__x0020__flux__x0020__per__x0020__areaElementAspect_lm__x002F__ft__x00B2____x0020____x005B__lumen__x0020__per__x0020__foot__x0020__squared__x005D__",
      "typename": "double",
    },
    "value": Object {
      "displayValue": "1485.9 lm/ft²",
      "value": 1485.9,
      "valueFormat": 0,
    },
  },
]
`;
