// Jest Snapshot v1, https://goo.gl/fbAQLP

exports[`RulesetTesting generates correct content for 'Items' ruleset. ClassName: 'DgnCustomItemTypes_MyProp:plane__x0020__angle__x0020__per__x0020__timeElementAspect' 1`] = `
Array [
  PropertyRecord {
    "description": "0.02 cycle/sec",
    "property": Object {
      "displayLabel": "cycle/sec [cycle per second]",
      "name": "pc_MyProp_plane__x0020__angle__x0020__per__x0020__timeElementAspect_cycle__x002F__sec__x0020____x005B__cycle__x0020__per__x0020__second__x005D__",
      "typename": "double",
    },
    "value": Object {
      "displayValue": "0.02 cycle/sec",
      "value": 0.02,
      "valueFormat": 0,
    },
  },
]
`;
