// Jest Snapshot v1, https://goo.gl/fbAQLP

exports[`RulesetTesting generates correct content for 'Items' ruleset. ClassName: 'ECDbMeta:PropertyCategoryDef' 1`] = `
Array [
  PropertyRecord {
    "description": "MyProp",
    "isReadonly": true,
    "property": Object {
      "displayLabel": "Schema",
      "name": "pc_meta_PropertyCategoryDef_Schema",
      "typename": "navigation",
    },
    "value": Object {
      "displayValue": "MyProp",
      "value": 17,
      "valueFormat": 0,
    },
  },
  PropertyRecord {
    "description": "100000",
    "property": Object {
      "displayLabel": "Priority",
      "name": "pc_meta_PropertyCategoryDef_Priority",
      "typename": "int",
    },
    "value": Object {
      "displayValue": "100000",
      "value": 100000,
      "valueFormat": 0,
    },
  },
  PropertyRecord {
    "description": "DgnCustomItemTypes_MyProp__x003A__area",
    "property": Object {
      "displayLabel": "Name",
      "name": "pc_meta_PropertyCategoryDef_Name",
      "typename": "string",
    },
    "value": Object {
      "displayValue": "DgnCustomItemTypes_MyProp__x003A__area",
      "value": "DgnCustomItemTypes_MyProp__x003A__area",
      "valueFormat": 0,
    },
  },
  PropertyRecord {
    "description": "area",
    "property": Object {
      "displayLabel": "DisplayLabel",
      "name": "pc_meta_PropertyCategoryDef_DisplayLabel",
      "typename": "string",
    },
    "value": Object {
      "displayValue": "area",
      "value": "area",
      "valueFormat": 0,
    },
  },
  PropertyRecord {
    "property": Object {
      "displayLabel": "Description",
      "name": "pc_meta_PropertyCategoryDef_Description",
      "typename": "string",
    },
    "value": Object {
      "displayValue": "",
      "value": undefined,
      "valueFormat": 0,
    },
  },
]
`;
