// Jest Snapshot v1, https://goo.gl/fbAQLP

exports[`Node fromJSON creates valid Node from JSON 1`] = `
Object {
  "backColor": undefined,
  "description": undefined,
  "foreColor": "#80E076",
  "hasChildren": true,
  "imageId": "customized",
  "isCheckboxEnabled": true,
  "isCheckboxVisible": false,
  "isChecked": true,
  "isEditable": true,
  "isExpanded": true,
  "isSelectionDisabled": false,
  "key": Object {
    "instanceKey": Object {
      "className": "Functionality",
      "id": "0x154f7000000a54e",
    },
    "pathFromRoot": Array [
      "4843c512-9f82-4b52-b6d8-74ba3b8ff740",
      "4881193c-08eb-445a-b7dd-b7a30f33c975",
    ],
    "type": "ECInstanceNode",
  },
  "label": "Technician Shoes",
}
`;

exports[`Node fromJSON creates valid Node from serialized JSON 1`] = `
Object {
  "backColor": "rgb(
    62,
    40,
    232
  )",
  "description": "Rerum eius fugiat dolores repellat ut excepturi.",
  "hasChildren": false,
  "isCheckboxEnabled": true,
  "isCheckboxVisible": true,
  "isChecked": false,
  "isEditable": false,
  "isExpanded": false,
  "isSelectionDisabled": false,
  "key": Object {
    "instanceKey": Object {
      "className": "website",
      "id": "0x5e58000000b378",
    },
    "pathFromRoot": Array [
      "5242abda-2a79-46dd-b8d9-fe71dab8e435",
      "8d78e06d-c620-4f5a-82b9-ecb87afe9470",
    ],
    "type": "ECInstanceNode",
  },
  "label": "Tennessee THX",
}
`;

exports[`Node listFromJSON creates valid Node[] from JSON 1`] = `
Array [
  Object {
    "backColor": "rgb(
    8,
    226,
    135
  )",
    "description": "Officia id quia ducimus porro ipsum ut labore non odit.",
    "foreColor": undefined,
    "hasChildren": true,
    "imageId": "payment",
    "isCheckboxEnabled": true,
    "isCheckboxVisible": false,
    "isChecked": false,
    "isEditable": true,
    "isExpanded": true,
    "isSelectionDisabled": true,
    "key": Object {
      "instanceKey": Object {
        "className": "generating",
        "id": "0xa1f40000015019",
      },
      "pathFromRoot": Array [
        "a4e3157e-9efc-44ab-9ccd-51f6568818bb",
        "5969c069-8a07-4d76-8acd-5b9e0d056fcd",
      ],
      "type": "ECInstanceNode",
    },
    "label": "Massachusetts",
  },
  Object {
    "backColor": undefined,
    "description": undefined,
    "foreColor": undefined,
    "hasChildren": true,
    "imageId": "calculate",
    "isCheckboxEnabled": false,
    "isCheckboxVisible": true,
    "isChecked": false,
    "isEditable": true,
    "isExpanded": true,
    "isSelectionDisabled": true,
    "key": Object {
      "instanceKey": Object {
        "className": "algorithm",
        "id": "0x116990000004b3f",
      },
      "pathFromRoot": Array [
        "e690a051-8d92-4dd1-89f9-a8a212f6872f",
        "d8f9f659-cef9-4c2d-bb44-acc219c15dbf",
      ],
      "type": "ECInstanceNode",
    },
    "label": "compress payment Tanzanian Shilling",
  },
]
`;

exports[`Node listFromJSON creates valid Node[] from serialized JSON 1`] = `
Array [
  Object {
    "backColor": "rgb(
    142,
    32,
    151
  )",
    "description": "Qui facilis nihil veniam non quia et odit.",
    "foreColor": "#825EAE",
    "hasChildren": true,
    "isCheckboxEnabled": true,
    "isCheckboxVisible": true,
    "isChecked": true,
    "isEditable": true,
    "isExpanded": true,
    "isSelectionDisabled": true,
    "key": Object {
      "instanceKey": Object {
        "className": "withdrawal",
        "id": "0x963e0000011977",
      },
      "pathFromRoot": Array [
        "b791d53b-d36d-4463-a93b-d6f88836fa7b",
        "bcc61160-44ce-4214-88a0-7beca55cff90",
      ],
      "type": "ECInstanceNode",
    },
    "label": "Baby reboot Pre-emptive",
  },
  Object {
    "description": "Sint sunt ut.",
    "hasChildren": true,
    "imageId": "Kip",
    "isCheckboxEnabled": true,
    "isCheckboxVisible": false,
    "isChecked": false,
    "isEditable": true,
    "isExpanded": true,
    "isSelectionDisabled": true,
    "key": Object {
      "instanceKey": Object {
        "className": "Manager",
        "id": "0x1489c0000004432",
      },
      "pathFromRoot": Array [
        "969ce80c-c7a4-46b3-b4ba-8b1b8f5df1f0",
        "18740c50-8a89-4eb7-ab84-4fa51f5b070a",
      ],
      "type": "ECInstanceNode",
    },
    "label": "Fresh Refined Plastic Chair Gorgeous Granite Chicken",
  },
]
`;

exports[`Node toJSON serializes Node 1`] = `
Object {
  "backColor": undefined,
  "description": "Dicta ut est autem suscipit laboriosam dolore placeat quam.",
  "foreColor": undefined,
  "hasChildren": true,
  "imageId": "array",
  "isCheckboxEnabled": true,
  "isCheckboxVisible": false,
  "isChecked": true,
  "isEditable": false,
  "isExpanded": true,
  "isSelectionDisabled": true,
  "key": Object {
    "instanceKey": Object {
      "className": "Accounts",
      "id": "0x16f0900000018e7",
    },
    "pathFromRoot": Array [
      "49751a56-5950-4ae3-be3b-c39c1d6f2a17",
      "055caccb-47fb-48ce-938e-485a20877ad8",
    ],
    "type": "ECInstanceNode",
  },
  "label": "circuit Dynamic multimedia",
}
`;
