// Jest Snapshot v1, https://goo.gl/fbAQLP

exports[`Hierarchies Counting instances of selected nodes correctly counts instances when key set contains grouping node keys 1`] = `
Array [
  Object {
    "description": "A container for persisting definition elements.",
    "hasChildren": true,
    "key": Object {
      "className": "BisCore:DefinitionModel",
      "groupedInstancesCount": 1,
      "pathFromRoot": Array [
        "f5ecb7c291c47173fc5ddb9419e2dac8",
      ],
      "type": "ECClassGroupingNode",
    },
    "label": Object {
      "displayValue": "Definition Model",
      "rawValue": "Definition Model",
      "typeName": "string",
    },
  },
  Object {
    "description": "The singleton container for repository-specific definition elements.",
    "hasChildren": true,
    "key": Object {
      "className": "BisCore:DictionaryModel",
      "groupedInstancesCount": 1,
      "pathFromRoot": Array [
        "49f15069f89f6992815d260980b9f875",
      ],
      "type": "ECClassGroupingNode",
    },
    "label": Object {
      "displayValue": "Dictionary Model",
      "rawValue": "Dictionary Model",
      "typeName": "string",
    },
  },
  Object {
    "description": "Contains a list of document elements.",
    "hasChildren": true,
    "key": Object {
      "className": "BisCore:DocumentListModel",
      "groupedInstancesCount": 2,
      "pathFromRoot": Array [
        "b3ec659e653432d31be9044cf75e36cf",
      ],
      "type": "ECClassGroupingNode",
    },
    "label": Object {
      "displayValue": "Document List",
      "rawValue": "Document List",
      "typeName": "string",
    },
  },
  Object {
    "hasChildren": true,
    "key": Object {
      "className": "Generic:GroupModel",
      "groupedInstancesCount": 1,
      "pathFromRoot": Array [
        "7ec70c7db31e278943f8951a88cba8ae",
      ],
      "type": "ECClassGroupingNode",
    },
    "label": Object {
      "displayValue": "Group Model",
      "rawValue": "Group Model",
      "typeName": "string",
    },
  },
  Object {
    "description": "A container for persisting link elements.",
    "hasChildren": true,
    "key": Object {
      "className": "BisCore:LinkModel",
      "groupedInstancesCount": 1,
      "pathFromRoot": Array [
        "970412a4816c288439f37bc9a61fbecf",
      ],
      "type": "ECClassGroupingNode",
    },
    "label": Object {
      "displayValue": "Link Model",
      "rawValue": "Link Model",
      "typeName": "string",
    },
  },
  Object {
    "description": "A container for persisting physical elements that model physical space.",
    "hasChildren": true,
    "key": Object {
      "className": "BisCore:PhysicalModel",
      "groupedInstancesCount": 1,
      "pathFromRoot": Array [
        "38ce2f706fd9ceecd63ef5e870bb30be",
      ],
      "type": "ECClassGroupingNode",
    },
    "label": Object {
      "displayValue": "Physical Model",
      "rawValue": "Physical Model",
      "typeName": "string",
    },
  },
  Object {
    "description": "The singleton container of repository-related information elements.",
    "hasChildren": true,
    "key": Object {
      "className": "BisCore:RepositoryModel",
      "groupedInstancesCount": 1,
      "pathFromRoot": Array [
        "61b841af476278834ffd1c607f32ed30",
      ],
      "type": "ECClassGroupingNode",
    },
    "label": Object {
      "displayValue": "Repository Model",
      "rawValue": "Repository Model",
      "typeName": "string",
    },
  },
]
`;

exports[`Hierarchies Getting node paths gets filtered node paths 1`] = `
Array [
  Object {
    "children": Array [
      Object {
        "children": Array [],
        "filteringData": Object {
          "childMatchesCount": 0,
          "matchesCount": 1,
        },
        "index": 0,
        "isMarked": false,
        "node": Object {
          "key": Object {
            "pathFromRoot": Array [
              "58e64a250215bde80e892cfdb2b4d983",
              "1fcf6a4e3c831777ebf7f50ee109b648",
            ],
            "type": "nodeType",
          },
          "label": Object {
            "displayValue": "filter ch1",
            "rawValue": "filter ch1",
            "typeName": "string",
          },
        },
      },
      Object {
        "children": Array [
          Object {
            "children": Array [],
            "filteringData": Object {
              "childMatchesCount": 0,
              "matchesCount": 1,
            },
            "index": 0,
            "isMarked": false,
            "node": Object {
              "key": Object {
                "pathFromRoot": Array [
                  "58e64a250215bde80e892cfdb2b4d983",
                  "03804993bc3e9e82d1e5ab5160ab8cdb",
                  "94facc9444ba980d6aaf31868517d892",
                ],
                "type": "nodeType",
              },
              "label": Object {
                "displayValue": "filter ch4",
                "rawValue": "filter ch4",
                "typeName": "string",
              },
            },
          },
        ],
        "filteringData": Object {
          "childMatchesCount": 1,
          "matchesCount": 0,
        },
        "index": 1,
        "isMarked": false,
        "node": Object {
          "hasChildren": true,
          "key": Object {
            "pathFromRoot": Array [
              "58e64a250215bde80e892cfdb2b4d983",
              "03804993bc3e9e82d1e5ab5160ab8cdb",
            ],
            "type": "nodeType",
          },
          "label": Object {
            "displayValue": "other ch3",
            "rawValue": "other ch3",
            "typeName": "string",
          },
        },
      },
    ],
    "filteringData": Object {
      "childMatchesCount": 2,
      "matchesCount": 1,
    },
    "index": 0,
    "isMarked": false,
    "node": Object {
      "hasChildren": true,
      "key": Object {
        "pathFromRoot": Array [
          "58e64a250215bde80e892cfdb2b4d983",
        ],
        "type": "nodeType",
      },
      "label": Object {
        "displayValue": "filter r1",
        "rawValue": "filter r1",
        "typeName": "string",
      },
    },
  },
  Object {
    "children": Array [
      Object {
        "children": Array [],
        "filteringData": Object {
          "childMatchesCount": 0,
          "matchesCount": 1,
        },
        "index": 0,
        "isMarked": false,
        "node": Object {
          "key": Object {
            "pathFromRoot": Array [
              "e91d95456c388fd782e2304bcad93c9a",
              "841ff473796b6ae4c5ddc59d351b7805",
            ],
            "type": "nodeType",
          },
          "label": Object {
            "displayValue": "filter ch6",
            "rawValue": "filter ch6",
            "typeName": "string",
          },
        },
      },
    ],
    "filteringData": Object {
      "childMatchesCount": 1,
      "matchesCount": 0,
    },
    "index": 1,
    "isMarked": false,
    "node": Object {
      "hasChildren": true,
      "key": Object {
        "pathFromRoot": Array [
          "e91d95456c388fd782e2304bcad93c9a",
        ],
        "type": "nodeType",
      },
      "label": Object {
        "displayValue": "other r3",
        "rawValue": "other r3",
        "typeName": "string",
      },
    },
  },
]
`;

exports[`Hierarchies Getting node paths gets node paths based on instance key paths 1`] = `
Array [
  Object {
    "children": Array [
      Object {
        "children": Array [
          Object {
            "children": Array [
              Object {
                "children": Array [],
                "filteringData": Object {
                  "childMatchesCount": 0,
                  "matchesCount": 0,
                },
                "index": 0,
                "isMarked": false,
                "node": Object {
                  "key": Object {
                    "instanceKeys": Array [
                      Object {
                        "className": "BisCore:DefinitionPartition",
                        "id": "0x10",
                      },
                    ],
                    "pathFromRoot": Array [
                      "d9e22ba39e72aae0caeb720015edbf1c",
                      "b8988f42494c56e57fa0f849d4e83cbd",
                      "2d0064ba8856a1de19495625054f99c4",
                      "45ca6e746efbec28824ea84a5ccf9963",
                      "203580b890bd60e4eb116668f14c9080",
                    ],
                    "type": "ECInstancesNode",
                  },
                  "label": Object {
                    "displayValue": "BisCore.DictionaryModel",
                    "rawValue": "BisCore.DictionaryModel",
                    "typeName": "string",
                  },
                },
              },
            ],
            "filteringData": Object {
              "childMatchesCount": 0,
              "matchesCount": 0,
            },
            "index": 0,
            "isMarked": false,
            "node": Object {
              "description": "A Definition Partition element indicates that there is a definition-related modeling perspective within the overall DgnDb information hierarchy. A Definition Partition is always parented to a Subject and broken down by a Definition Model.",
              "hasChildren": true,
              "key": Object {
                "className": "BisCore:DefinitionPartition",
                "groupedInstancesCount": 1,
                "pathFromRoot": Array [
                  "d9e22ba39e72aae0caeb720015edbf1c",
                  "b8988f42494c56e57fa0f849d4e83cbd",
                  "2d0064ba8856a1de19495625054f99c4",
                  "45ca6e746efbec28824ea84a5ccf9963",
                ],
                "type": "ECClassGroupingNode",
              },
              "label": Object {
                "displayValue": "Definition Partition",
                "rawValue": "Definition Partition",
                "typeName": "string",
              },
            },
          },
          Object {
            "children": Array [
              Object {
                "children": Array [],
                "filteringData": Object {
                  "childMatchesCount": 0,
                  "matchesCount": 0,
                },
                "index": 0,
                "isMarked": true,
                "node": Object {
                  "key": Object {
                    "instanceKeys": Array [
                      Object {
                        "className": "BisCore:LinkPartition",
                        "id": "0xe",
                      },
                    ],
                    "pathFromRoot": Array [
                      "d9e22ba39e72aae0caeb720015edbf1c",
                      "b8988f42494c56e57fa0f849d4e83cbd",
                      "2d0064ba8856a1de19495625054f99c4",
                      "e7c489d649f6439a6cfb52b8f66a25e2",
                      "cd7067ab1207516bc9c7a64fec6c095f",
                    ],
                    "type": "ECInstancesNode",
                  },
                  "label": Object {
                    "displayValue": "BisCore.RealityDataSources",
                    "rawValue": "BisCore.RealityDataSources",
                    "typeName": "string",
                  },
                },
              },
            ],
            "filteringData": Object {
              "childMatchesCount": 0,
              "matchesCount": 0,
            },
            "index": 1,
            "isMarked": false,
            "node": Object {
              "description": "A Link Partition element indicates that there is a link-related modeling perspective within the overall DgnDb information hierarchy. A Link Partition is always parented to a Subject and broken down by a Link Model.",
              "hasChildren": true,
              "key": Object {
                "className": "BisCore:LinkPartition",
                "groupedInstancesCount": 1,
                "pathFromRoot": Array [
                  "d9e22ba39e72aae0caeb720015edbf1c",
                  "b8988f42494c56e57fa0f849d4e83cbd",
                  "2d0064ba8856a1de19495625054f99c4",
                  "e7c489d649f6439a6cfb52b8f66a25e2",
                ],
                "type": "ECClassGroupingNode",
              },
              "label": Object {
                "displayValue": "Link Partition",
                "rawValue": "Link Partition",
                "typeName": "string",
              },
            },
          },
        ],
        "filteringData": Object {
          "childMatchesCount": 0,
          "matchesCount": 0,
        },
        "index": 0,
        "isMarked": false,
        "node": Object {
          "hasChildren": true,
          "key": Object {
            "instanceKeys": Array [
              Object {
                "className": "BisCore:Subject",
                "id": "0x1",
              },
            ],
            "pathFromRoot": Array [
              "d9e22ba39e72aae0caeb720015edbf1c",
              "b8988f42494c56e57fa0f849d4e83cbd",
              "2d0064ba8856a1de19495625054f99c4",
            ],
            "type": "ECInstancesNode",
          },
          "label": Object {
            "displayValue": "DgnV8Bridge",
            "rawValue": "DgnV8Bridge",
            "typeName": "string",
          },
        },
      },
    ],
    "filteringData": Object {
      "childMatchesCount": 0,
      "matchesCount": 0,
    },
    "index": 0,
    "isMarked": false,
    "node": Object {
      "hasChildren": true,
      "key": Object {
        "instanceKeys": Array [
          Object {
            "className": "BisCore:RepositoryModel",
            "id": "0x1",
          },
        ],
        "pathFromRoot": Array [
          "d9e22ba39e72aae0caeb720015edbf1c",
          "b8988f42494c56e57fa0f849d4e83cbd",
        ],
        "type": "ECInstancesNode",
      },
      "label": Object {
        "displayValue": "DgnV8Bridge",
        "rawValue": "DgnV8Bridge",
        "typeName": "string",
      },
    },
  },
]
`;
